// Jest Snapshot v1, https://goo.gl/fbAQLP

exports[`Testing the calculator Calculator is rendered 1`] = `
<div
  id="calc-section"
>
  <h2
    id="calculator-header"
  >
    Let's do some math!
  </h2>
  <div
    className="calc-container"
  >
    <div
      className="calc-result"
    >
        
    </div>
    <button
      className=""
      onClick={[Function]}
      type="button"
    >
      AC
    </button>
    <button
      className=""
      onClick={[Function]}
      type="button"
    >
      +/-
    </button>
    <button
      className=""
      onClick={[Function]}
      type="button"
    >
      %
    </button>
    <button
      className="calc-operators"
      onClick={[Function]}
      type="button"
    >
      รท
    </button>
    <button
      className=""
      onClick={[Function]}
      type="button"
    >
      7
    </button>
    <button
      className=""
      onClick={[Function]}
      type="button"
    >
      8
    </button>
    <button
      className=""
      onClick={[Function]}
      type="button"
    >
      9
    </button>
    <button
      className="calc-operators"
      onClick={[Function]}
      type="button"
    >
      x
    </button>
    <button
      className=""
      onClick={[Function]}
      type="button"
    >
      4
    </button>
    <button
      className=""
      onClick={[Function]}
      type="button"
    >
      5
    </button>
    <button
      className=""
      onClick={[Function]}
      type="button"
    >
      6
    </button>
    <button
      className="calc-operators"
      onClick={[Function]}
      type="button"
    >
      -
    </button>
    <button
      className=""
      onClick={[Function]}
      type="button"
    >
      1
    </button>
    <button
      className=""
      onClick={[Function]}
      type="button"
    >
      2
    </button>
    <button
      className=""
      onClick={[Function]}
      type="button"
    >
      3
    </button>
    <button
      className="calc-operators"
      onClick={[Function]}
      type="button"
    >
      +
    </button>
    <button
      className="zero"
      onClick={[Function]}
      type="button"
    >
      0
    </button>
    <button
      className=""
      onClick={[Function]}
      type="button"
    >
      .
    </button>
    <button
      className="calc-operators"
      onClick={[Function]}
      type="button"
    >
      =
    </button>
  </div>
</div>
`;
